// Jest Snapshot v1, https://goo.gl/fbAQLP

exports[`snapshot 1`] = `
<div
  class="container-fluid"
  data-testid="main"
  style="margin: 80px 0px; padding: 24px 48px 0px 24px; display: grid; min-height: 76vh; min-width: 580px;"
>
  <div
    class="row"
  >
    <div
      class="input-group"
      data-testid="filters"
      style="border: 2px solid #ededed; padding: 24px; margin: 24px; display: flex;"
    >
      <div
        style="display: flex; flex-grow: 1; flex-direction: row;"
      >
        <div
          class="sc-jrAGrp ihKIbi"
          data-testid="dropdown"
        >
          <p
            class="sc-kEjbxe jyXEPx"
          >
            color
          </p>
          <div
            class="sc-fubCfw cHMFvu"
          >
            <button
              class="sc-iBPRYJ iRdGrb"
              data-testid="dropdown-button"
            >
              All car colors
              <span
                class="--dropdown-arrow"
              />
            </button>
            <div
              class="list-group"
              data-testid="dropdown-list"
              style="width: 100%; position: absolute; z-index: 2; background-color: rgb(255, 255, 255); cursor: pointer; left: 0px; top: 48px; display: none;"
            >
              <button
                class="list-group-item list-group-item-action"
              >
                red
              </button>
            </div>
          </div>
        </div>
        <div
          class="sc-jrAGrp ihKIbi"
          data-testid="dropdown"
        >
          <p
            class="sc-kEjbxe jyXEPx"
          >
            manufacturers
          </p>
          <div
            class="sc-fubCfw cHMFvu"
          >
            <button
              class="sc-iBPRYJ iRdGrb"
              data-testid="dropdown-button"
            >
              All manufacturers
              <span
                class="--dropdown-arrow"
              />
            </button>
            <div
              class="list-group"
              data-testid="dropdown-list"
              style="width: 100%; position: absolute; z-index: 2; background-color: rgb(255, 255, 255); cursor: pointer; left: 0px; top: 48px; display: none;"
            >
              <button
                class="list-group-item list-group-item-action"
              >
                Audi
              </button>
            </div>
          </div>
        </div>
      </div>
      <div
        class="sc-pFZIQ dSwjrf"
      >
        <button
          class="sc-gsTCUz rIUlr"
          data-testid="filter-button"
        >
          Filter
        </button>
      </div>
    </div>
  </div>
  <div
    class="row"
  >
    <div
      class="sc-eCssSg dnPiBN"
      data-testid="availableCarList"
    >
      <h3
        class="--list-title"
      >
        Available cars
      </h3>
      <p
        class="--list-desc"
      >
        Showing 10 of 
        100
        :string results
      </p>
      <div
        data-testid="carList"
      >
        <div
          class="card"
          data-testid="itemCard"
          style="margin-bottom: 8px; width: 100%; position: relative;"
        >
          <div
            class="card-body"
          >
            <div
              class="sc-jSgupP crnANy"
            >
              <img
                alt="Dodge Caliber"
                class="sc-gKsewC jhcpzX"
                src="car.svg"
                width="120px"
              />
              <div>
                <div
                  class="card-title h5"
                  style="font-size: 24px; font-weight: bold;"
                >
                  Dodge Caliber
                </div>
                <p
                  class="card-text"
                >
                  Stock #10907 - 138210 km - Diesel
                </p>
                <a
                  href="/10907"
                >
                  <div
                    class="sc-hKgILt beYcYI"
                  >
                    View Details
                  </div>
                </a>
              </div>
            </div>
          </div>
        </div>
      </div>
      <div
        class="sc-iqHYGH dxXOPw"
        data-testid="pagination"
      >
        <button
          class="sc-dQppl evvkmt"
          disabled=""
        >
          First
        </button>
        <button
          class="sc-dQppl evvkmt"
          disabled=""
        >
          Previous
        </button>
        <p
          class="sc-crrsfI ibcHiL"
          data-testid="pagination-view"
        >
          Page 
          1
           of 
          10
        </p>
        <button
          class="sc-dQppl evvkmt"
        >
          Next
        </button>
        <button
          class="sc-dQppl evvkmt"
        >
          Last
        </button>
      </div>
    </div>
  </div>
</div>
`;
